// Jest Snapshot v1, https://goo.gl/fbAQLP

exports[`golden: sample wardrobe gap suggestions are stable 1`] = `
{
  "asBottoms": [
    {
      "c": "White",
      "fl": false,
      "n": 8,
    },
    {
      "c": "Burgundy",
      "fl": true,
      "n": 6,
    },
    {
      "c": "Mustard",
      "fl": true,
      "n": 6,
    },
    {
      "c": "Forest Green",
      "fl": true,
      "n": 6,
    },
    {
      "c": "Purple",
      "fl": true,
      "n": 6,
    },
    {
      "c": "Olive",
      "fl": true,
      "n": 5,
    },
    {
      "c": "Rust",
      "fl": true,
      "n": 5,
    },
    {
      "c": "Light Blue",
      "fl": false,
      "n": 5,
    },
  ],
  "asTops": [
    {
      "c": "Khaki",
      "fl": true,
      "n": 8,
    },
    {
      "c": "Cream",
      "fl": true,
      "n": 8,
    },
    {
      "c": "Mustard",
      "fl": true,
      "n": 8,
    },
    {
      "c": "Rust",
      "fl": true,
      "n": 8,
    },
    {
      "c": "Forest Green",
      "fl": true,
      "n": 7,
    },
    {
      "c": "Purple",
      "fl": true,
      "n": 7,
    },
    {
      "c": "Charcoal",
      "fl": false,
      "n": 8,
    },
    {
      "c": "Blue",
      "fl": false,
      "n": 7,
    },
  ],
}
`;

exports[`golden: sample wardrobe ranked deck for Casual + Minimal matches the snapshot 1`] = `
[
  "Beige|Khaki@1.46",
  "White|Navy@1.4",
  "White|Charcoal@1.4",
  "Grey|Charcoal@1.4",
  "Olive|Cream@1.29",
  "Light Blue|Navy@1.27",
  "Navy|Beige@1.22",
  "Navy|Grey@1.22",
  "Grey|Navy@1.22",
  "Beige|Navy@1.22",
  "Navy|Cream@1.11",
  "Navy|Khaki@1.11",
  "Black|Cream@1.11",
  "Black|Khaki@1.11",
  "Grey|Cream@1.11",
  "Light Blue|Charcoal@1.09",
  "Olive|Beige@1.05",
  "Burgundy|Beige@1.05",
  "Burgundy|Grey@1.05",
  "White|Grey@1.05",
  "White|Black@1.05",
  "Black|Beige@1.05",
  "Black|Grey@1.05",
  "Grey|Black@1.05",
  "Beige|Black@1.05",
  "Beige|Charcoal@1.05",
  "White|Cream@0.99",
  "Grey|Khaki@0.99",
  "Beige|Cream@0.99",
  "White|Khaki@0.95",
  "White|Beige@0.93",
  "Navy|Navy@0.93",
  "Navy|Black@0.93",
  "Navy|Charcoal@0.93",
  "Black|Navy@0.93",
  "Black|Black@0.93",
  "Black|Charcoal@0.93",
  "Grey|Grey@0.93",
  "Beige|Beige@0.93",
  "Grey|Beige@0.89",
  "Beige|Grey@0.89",
  "Burgundy|Cream@0.86",
  "Burgundy|Khaki@0.86",
  "Light Blue|Black@0.84",
  "White|Blue@0.79",
  "Beige|Blue@0.79",
  "Light Blue|Cream@0.78",
  "Light Blue|Khaki@0.74",
  "Olive|Khaki@0.7",
  "Olive|Black@0.68",
  "Olive|Grey@0.68",
  "Burgundy|Black@0.68",
  "Light Blue|Grey@0.68",
  "Light Blue|Beige@0.68",
  "Grey|Blue@0.67",
  "Olive|Navy@0.64",
  "Olive|Charcoal@0.64",
  "Burgundy|Navy@0.64",
  "Burgundy|Charcoal@0.64",
  "Navy|Blue@0.63",
  "Black|Blue@0.63",
  "Light Blue|Blue@0.61",
]
`;

exports[`golden: sample wardrobe ranked deck for Formal + Classic matches the snapshot 1`] = `
[
  "White|Navy@1.47",
  "Navy|Beige@1.47",
  "Navy|Grey@1.47",
  "Grey|Navy@1.47",
  "Beige|Navy@1.47",
  "Light Blue|Charcoal@1.42",
  "White|Charcoal@1.29",
  "Light Blue|Navy@1.29",
  "Grey|Charcoal@1.24",
  "Beige|Khaki@1.18",
  "White|Grey@1.12",
  "Beige|Charcoal@1.07",
  "Navy|Cream@1.06",
  "Navy|Khaki@1.06",
  "Olive|Beige@1.05",
  "Burgundy|Beige@1.05",
  "Burgundy|Grey@1.05",
  "White|Blue@1.04",
  "Grey|Cream@1.01",
  "White|Beige@1",
  "Navy|Navy@1",
  "Navy|Charcoal@1",
  "White|Black@1",
  "Olive|Cream@0.99",
  "Beige|Blue@0.99",
  "Grey|Beige@0.95",
  "Grey|Grey@0.95",
  "Beige|Beige@0.95",
  "Beige|Grey@0.95",
  "Black|Beige@0.95",
  "Black|Grey@0.95",
  "Grey|Black@0.95",
  "Beige|Black@0.95",
  "White|Cream@0.94",
  "White|Khaki@0.94",
  "Navy|Blue@0.92",
  "Grey|Khaki@0.89",
  "Beige|Cream@0.89",
  "Black|Cream@0.89",
  "Black|Khaki@0.89",
  "Navy|Black@0.88",
  "Black|Navy@0.88",
  "Light Blue|Black@0.87",
  "Light Blue|Grey@0.87",
  "Grey|Blue@0.87",
  "Black|Charcoal@0.83",
  "Light Blue|Beige@0.83",
  "Light Blue|Blue@0.81",
  "Light Blue|Cream@0.81",
  "Light Blue|Khaki@0.77",
  "Black|Blue@0.75",
  "Burgundy|Cream@0.74",
  "Burgundy|Khaki@0.74",
  "Olive|Navy@0.73",
  "Black|Black@0.71",
  "Burgundy|Navy@0.69",
  "Olive|Grey@0.68",
  "Olive|Charcoal@0.68",
  "Burgundy|Charcoal@0.64",
  "Olive|Khaki@0.62",
  "Olive|Black@0.56",
  "Burgundy|Black@0.56",
]
`;

exports[`golden: sample wardrobe ranked deck for Relaxed + Bold matches the snapshot 1`] = `
[
  "Olive|Beige@1.49",
  "Burgundy|Grey@1.49",
  "Olive|Cream@1.37",
  "Burgundy|Beige@1.31",
  "Burgundy|Cream@1.12",
  "Burgundy|Khaki@1.12",
  "Light Blue|Navy@1.09",
  "Light Blue|Charcoal@1.09",
  "Beige|Khaki@1.04",
  "White|Navy@0.97",
  "White|Charcoal@0.97",
  "Navy|Beige@0.97",
  "Navy|Grey@0.97",
  "Grey|Navy@0.97",
  "Grey|Charcoal@0.97",
  "Beige|Navy@0.97",
  "Olive|Khaki@0.95",
  "Olive|Navy@0.95",
  "Olive|Grey@0.95",
  "Olive|Charcoal@0.95",
  "Burgundy|Black@0.95",
  "Olive|Black@0.94",
  "Burgundy|Navy@0.91",
  "Burgundy|Charcoal@0.91",
  "Navy|Cream@0.86",
  "Navy|Khaki@0.86",
  "Black|Cream@0.86",
  "Black|Khaki@0.86",
  "Grey|Cream@0.86",
  "Light Blue|Black@0.84",
  "White|Grey@0.8",
  "White|Black@0.8",
  "Black|Beige@0.8",
  "Black|Grey@0.8",
  "Grey|Black@0.8",
  "Beige|Black@0.8",
  "Beige|Charcoal@0.8",
  "White|Blue@0.8",
  "Beige|Blue@0.8",
  "Light Blue|Cream@0.79",
  "White|Cream@0.75",
  "Grey|Khaki@0.75",
  "Beige|Cream@0.75",
  "Light Blue|Khaki@0.75",
  "Light Blue|Grey@0.73",
  "White|Khaki@0.69",
  "White|Beige@0.69",
  "Navy|Navy@0.69",
  "Navy|Black@0.69",
  "Navy|Charcoal@0.69",
  "Black|Navy@0.69",
  "Black|Black@0.69",
  "Black|Charcoal@0.69",
  "Grey|Grey@0.69",
  "Beige|Beige@0.69",
  "Light Blue|Beige@0.69",
  "Navy|Blue@0.69",
  "Grey|Blue@0.69",
  "Grey|Beige@0.63",
  "Beige|Grey@0.63",
  "Black|Blue@0.63",
  "Light Blue|Blue@0.62",
]
`;

exports[`golden: sample wardrobe universe (ids + scores) matches the snapshot 1`] = `
[
  {
    "id": "Olive|Cream",
    "sc": 1.23,
  },
  {
    "id": "Olive|Beige",
    "sc": 1.17,
  },
  {
    "id": "Burgundy|Beige",
    "sc": 1.17,
  },
  {
    "id": "Burgundy|Grey",
    "sc": 1.17,
  },
  {
    "id": "Beige|Khaki",
    "sc": 1.11,
  },
  {
    "id": "White|Navy",
    "sc": 1.09,
  },
  {
    "id": "White|Charcoal",
    "sc": 1.09,
  },
  {
    "id": "Light Blue|Navy",
    "sc": 1.09,
  },
  {
    "id": "Light Blue|Charcoal",
    "sc": 1.09,
  },
  {
    "id": "Navy|Beige",
    "sc": 1.09,
  },
  {
    "id": "Navy|Grey",
    "sc": 1.09,
  },
  {
    "id": "Grey|Navy",
    "sc": 1.09,
  },
  {
    "id": "Grey|Charcoal",
    "sc": 1.09,
  },
  {
    "id": "Beige|Navy",
    "sc": 1.09,
  },
  {
    "id": "Navy|Cream",
    "sc": 0.98,
  },
  {
    "id": "Navy|Khaki",
    "sc": 0.98,
  },
  {
    "id": "Black|Cream",
    "sc": 0.98,
  },
  {
    "id": "Black|Khaki",
    "sc": 0.98,
  },
  {
    "id": "Grey|Cream",
    "sc": 0.98,
  },
  {
    "id": "Burgundy|Cream",
    "sc": 0.98,
  },
  {
    "id": "Burgundy|Khaki",
    "sc": 0.98,
  },
  {
    "id": "White|Grey",
    "sc": 0.92,
  },
  {
    "id": "White|Black",
    "sc": 0.92,
  },
  {
    "id": "Black|Beige",
    "sc": 0.92,
  },
  {
    "id": "Black|Grey",
    "sc": 0.92,
  },
  {
    "id": "Grey|Black",
    "sc": 0.92,
  },
  {
    "id": "Beige|Black",
    "sc": 0.92,
  },
  {
    "id": "Beige|Charcoal",
    "sc": 0.92,
  },
  {
    "id": "Light Blue|Black",
    "sc": 0.84,
  },
  {
    "id": "White|Cream",
    "sc": 0.82,
  },
  {
    "id": "White|Khaki",
    "sc": 0.82,
  },
  {
    "id": "Grey|Khaki",
    "sc": 0.82,
  },
  {
    "id": "Olive|Khaki",
    "sc": 0.82,
  },
  {
    "id": "Beige|Cream",
    "sc": 0.82,
  },
  {
    "id": "Olive|Black",
    "sc": 0.8,
  },
  {
    "id": "White|Blue",
    "sc": 0.79,
  },
  {
    "id": "Beige|Blue",
    "sc": 0.79,
  },
  {
    "id": "White|Beige",
    "sc": 0.76,
  },
  {
    "id": "Navy|Navy",
    "sc": 0.76,
  },
  {
    "id": "Navy|Black",
    "sc": 0.76,
  },
  {
    "id": "Navy|Charcoal",
    "sc": 0.76,
  },
  {
    "id": "Black|Navy",
    "sc": 0.76,
  },
  {
    "id": "Black|Black",
    "sc": 0.76,
  },
  {
    "id": "Black|Charcoal",
    "sc": 0.76,
  },
  {
    "id": "Grey|Beige",
    "sc": 0.76,
  },
  {
    "id": "Grey|Grey",
    "sc": 0.76,
  },
  {
    "id": "Olive|Navy",
    "sc": 0.76,
  },
  {
    "id": "Olive|Grey",
    "sc": 0.76,
  },
  {
    "id": "Olive|Charcoal",
    "sc": 0.76,
  },
  {
    "id": "Burgundy|Black",
    "sc": 0.76,
  },
  {
    "id": "Beige|Beige",
    "sc": 0.76,
  },
  {
    "id": "Beige|Grey",
    "sc": 0.76,
  },
  {
    "id": "Light Blue|Cream",
    "sc": 0.74,
  },
  {
    "id": "Burgundy|Navy",
    "sc": 0.72,
  },
  {
    "id": "Burgundy|Charcoal",
    "sc": 0.72,
  },
  {
    "id": "Light Blue|Khaki",
    "sc": 0.7,
  },
  {
    "id": "Light Blue|Grey",
    "sc": 0.68,
  },
  {
    "id": "Light Blue|Beige",
    "sc": 0.64,
  },
  {
    "id": "Navy|Blue",
    "sc": 0.63,
  },
  {
    "id": "Black|Blue",
    "sc": 0.63,
  },
  {
    "id": "Grey|Blue",
    "sc": 0.63,
  },
  {
    "id": "Light Blue|Blue",
    "sc": 0.61,
  },
]
`;
