// Jest Snapshot v1, https://goo.gl/fbAQLP

exports[`golden: sample wardrobe gap suggestions are stable 1`] = `
{
  "asBottoms": [
    {
      "c": "White",
      "fl": false,
      "n": 8,
    },
    {
      "c": "Burgundy",
      "fl": true,
      "n": 6,
    },
    {
      "c": "Mustard",
      "fl": true,
      "n": 6,
    },
    {
      "c": "Forest Green",
      "fl": true,
      "n": 6,
    },
    {
      "c": "Purple",
      "fl": true,
      "n": 6,
    },
    {
      "c": "Olive",
      "fl": true,
      "n": 5,
    },
    {
      "c": "Rust",
      "fl": true,
      "n": 5,
    },
    {
      "c": "Light Blue",
      "fl": false,
      "n": 5,
    },
  ],
  "asTops": [
    {
      "c": "Khaki",
      "fl": true,
      "n": 8,
    },
    {
      "c": "Cream",
      "fl": true,
      "n": 8,
    },
    {
      "c": "Mustard",
      "fl": true,
      "n": 8,
    },
    {
      "c": "Rust",
      "fl": true,
      "n": 8,
    },
    {
      "c": "Forest Green",
      "fl": true,
      "n": 7,
    },
    {
      "c": "Purple",
      "fl": true,
      "n": 7,
    },
    {
      "c": "Charcoal",
      "fl": false,
      "n": 8,
    },
    {
      "c": "Blue",
      "fl": false,
      "n": 7,
    },
  ],
}
`;

exports[`golden: sample wardrobe ranked deck for Everyday + Minimal matches the snapshot 1`] = `
[
  "Beige|Khaki@1.45",
  "White|Navy@1.35",
  "White|Charcoal@1.35",
  "Grey|Charcoal@1.35",
  "Olive|Cream@1.24",
  "Light Blue|Navy@1.22",
  "Navy|Beige@1.17",
  "Navy|Grey@1.17",
  "Grey|Navy@1.17",
  "Beige|Navy@1.17",
  "Navy|Cream@1.06",
  "Navy|Khaki@1.06",
  "Black|Cream@1.06",
  "Black|Khaki@1.06",
  "Grey|Cream@1.06",
  "Light Blue|Charcoal@1.04",
  "Olive|Beige@1",
  "Burgundy|Beige@1",
  "Burgundy|Grey@1",
  "White|Grey@1",
  "White|Black@1",
  "Black|Beige@1",
  "Black|Grey@1",
  "Grey|Black@1",
  "Beige|Black@1",
  "Beige|Charcoal@1",
  "White|Cream@0.98",
  "Grey|Khaki@0.98",
  "Beige|Cream@0.98",
  "White|Khaki@0.94",
  "White|Beige@0.92",
  "Navy|Navy@0.92",
  "Navy|Black@0.92",
  "Navy|Charcoal@0.92",
  "Black|Navy@0.92",
  "Black|Black@0.92",
  "Black|Charcoal@0.92",
  "Grey|Grey@0.92",
  "Beige|Beige@0.92",
  "Grey|Beige@0.88",
  "Beige|Grey@0.88",
  "Burgundy|Cream@0.81",
  "Burgundy|Khaki@0.81",
  "Light Blue|Black@0.79",
  "Light Blue|Cream@0.77",
  "White|Blue@0.75",
  "Beige|Blue@0.75",
  "Light Blue|Khaki@0.73",
  "Olive|Khaki@0.69",
  "Olive|Grey@0.67",
  "Burgundy|Black@0.67",
  "Light Blue|Grey@0.67",
  "Light Blue|Beige@0.67",
  "Grey|Blue@0.67",
  "Olive|Navy@0.63",
  "Olive|Black@0.63",
  "Olive|Charcoal@0.63",
  "Burgundy|Navy@0.63",
  "Burgundy|Charcoal@0.63",
  "Navy|Blue@0.63",
  "Black|Blue@0.63",
  "Light Blue|Blue@0.57",
]
`;

exports[`golden: sample wardrobe ranked deck for Office + Classic matches the snapshot 1`] = `
[
  "White|Navy@1.45",
  "Navy|Beige@1.45",
  "Navy|Grey@1.45",
  "Grey|Navy@1.45",
  "Beige|Navy@1.45",
  "Light Blue|Charcoal@1.4",
  "White|Charcoal@1.27",
  "Light Blue|Navy@1.27",
  "Grey|Charcoal@1.22",
  "Beige|Khaki@1.17",
  "White|Grey@1.1",
  "Olive|Beige@1.06",
  "Burgundy|Beige@1.06",
  "Burgundy|Grey@1.06",
  "Navy|Cream@1.05",
  "Navy|Khaki@1.05",
  "Beige|Charcoal@1.05",
  "White|Blue@1.02",
  "Olive|Cream@1.01",
  "Grey|Cream@1",
  "White|Black@0.99",
  "White|Beige@0.98",
  "Navy|Navy@0.98",
  "Navy|Charcoal@0.98",
  "Beige|Blue@0.97",
  "Black|Beige@0.94",
  "Black|Grey@0.94",
  "Grey|Black@0.94",
  "Beige|Black@0.94",
  "White|Cream@0.93",
  "White|Khaki@0.93",
  "Grey|Beige@0.93",
  "Grey|Grey@0.93",
  "Beige|Beige@0.93",
  "Beige|Grey@0.93",
  "Navy|Blue@0.9",
  "Black|Cream@0.89",
  "Black|Khaki@0.89",
  "Grey|Khaki@0.88",
  "Beige|Cream@0.88",
  "Navy|Black@0.87",
  "Black|Navy@0.87",
  "Light Blue|Black@0.86",
  "Light Blue|Grey@0.85",
  "Grey|Blue@0.85",
  "Black|Charcoal@0.82",
  "Light Blue|Beige@0.81",
  "Light Blue|Cream@0.8",
  "Light Blue|Blue@0.79",
  "Light Blue|Khaki@0.76",
  "Burgundy|Cream@0.76",
  "Burgundy|Khaki@0.76",
  "Olive|Navy@0.74",
  "Black|Blue@0.74",
  "Black|Black@0.71",
  "Burgundy|Navy@0.7",
  "Olive|Grey@0.69",
  "Olive|Charcoal@0.69",
  "Burgundy|Charcoal@0.65",
  "Olive|Khaki@0.64",
  "Olive|Black@0.58",
  "Burgundy|Black@0.58",
]
`;

exports[`golden: sample wardrobe ranked deck for Party + Bold matches the snapshot 1`] = `
[
  "Olive|Beige@1.55",
  "Burgundy|Grey@1.55",
  "Olive|Cream@1.43",
  "Burgundy|Beige@1.37",
  "Burgundy|Cream@1.18",
  "Burgundy|Khaki@1.18",
  "Light Blue|Navy@1.05",
  "Light Blue|Charcoal@1.05",
  "Olive|Khaki@1.01",
  "Olive|Black@1",
  "Olive|Navy@0.95",
  "Olive|Grey@0.95",
  "Olive|Charcoal@0.95",
  "Burgundy|Black@0.95",
  "Beige|Khaki@0.94",
  "White|Navy@0.93",
  "White|Charcoal@0.93",
  "Navy|Beige@0.93",
  "Navy|Grey@0.93",
  "Grey|Navy@0.93",
  "Grey|Charcoal@0.93",
  "Beige|Navy@0.93",
  "Burgundy|Navy@0.91",
  "Burgundy|Charcoal@0.91",
  "Navy|Cream@0.82",
  "Navy|Khaki@0.82",
  "Black|Cream@0.82",
  "Black|Khaki@0.82",
  "Grey|Cream@0.82",
  "Light Blue|Black@0.8",
  "White|Blue@0.8",
  "Beige|Blue@0.8",
  "White|Grey@0.76",
  "White|Black@0.76",
  "Black|Beige@0.76",
  "Black|Grey@0.76",
  "Grey|Black@0.76",
  "Beige|Black@0.76",
  "Beige|Charcoal@0.76",
  "Light Blue|Cream@0.69",
  "White|Cream@0.65",
  "White|Khaki@0.65",
  "Grey|Khaki@0.65",
  "Beige|Cream@0.65",
  "Light Blue|Khaki@0.65",
  "Light Blue|Grey@0.63",
  "Navy|Blue@0.63",
  "Black|Blue@0.63",
  "Grey|Blue@0.63",
  "Light Blue|Blue@0.62",
  "White|Beige@0.59",
  "Navy|Navy@0.59",
  "Navy|Black@0.59",
  "Navy|Charcoal@0.59",
  "Black|Navy@0.59",
  "Black|Black@0.59",
  "Black|Charcoal@0.59",
  "Grey|Beige@0.59",
  "Grey|Grey@0.59",
  "Beige|Beige@0.59",
  "Beige|Grey@0.59",
  "Light Blue|Beige@0.59",
]
`;

exports[`golden: sample wardrobe universe (ids + scores) matches the snapshot 1`] = `
[
  {
    "id": "Olive|Cream",
    "sc": 1.18,
  },
  {
    "id": "Olive|Beige",
    "sc": 1.12,
  },
  {
    "id": "Burgundy|Beige",
    "sc": 1.12,
  },
  {
    "id": "Burgundy|Grey",
    "sc": 1.12,
  },
  {
    "id": "Beige|Khaki",
    "sc": 1.1,
  },
  {
    "id": "White|Navy",
    "sc": 1.04,
  },
  {
    "id": "White|Charcoal",
    "sc": 1.04,
  },
  {
    "id": "Light Blue|Navy",
    "sc": 1.04,
  },
  {
    "id": "Light Blue|Charcoal",
    "sc": 1.04,
  },
  {
    "id": "Navy|Beige",
    "sc": 1.04,
  },
  {
    "id": "Navy|Grey",
    "sc": 1.04,
  },
  {
    "id": "Grey|Navy",
    "sc": 1.04,
  },
  {
    "id": "Grey|Charcoal",
    "sc": 1.04,
  },
  {
    "id": "Beige|Navy",
    "sc": 1.04,
  },
  {
    "id": "Navy|Cream",
    "sc": 0.93,
  },
  {
    "id": "Navy|Khaki",
    "sc": 0.93,
  },
  {
    "id": "Black|Cream",
    "sc": 0.93,
  },
  {
    "id": "Black|Khaki",
    "sc": 0.93,
  },
  {
    "id": "Grey|Cream",
    "sc": 0.93,
  },
  {
    "id": "Burgundy|Cream",
    "sc": 0.93,
  },
  {
    "id": "Burgundy|Khaki",
    "sc": 0.93,
  },
  {
    "id": "White|Grey",
    "sc": 0.87,
  },
  {
    "id": "White|Black",
    "sc": 0.87,
  },
  {
    "id": "Black|Beige",
    "sc": 0.87,
  },
  {
    "id": "Black|Grey",
    "sc": 0.87,
  },
  {
    "id": "Grey|Black",
    "sc": 0.87,
  },
  {
    "id": "Beige|Black",
    "sc": 0.87,
  },
  {
    "id": "Beige|Charcoal",
    "sc": 0.87,
  },
  {
    "id": "White|Cream",
    "sc": 0.81,
  },
  {
    "id": "White|Khaki",
    "sc": 0.81,
  },
  {
    "id": "Grey|Khaki",
    "sc": 0.81,
  },
  {
    "id": "Olive|Khaki",
    "sc": 0.81,
  },
  {
    "id": "Beige|Cream",
    "sc": 0.81,
  },
  {
    "id": "Light Blue|Black",
    "sc": 0.79,
  },
  {
    "id": "White|Beige",
    "sc": 0.75,
  },
  {
    "id": "White|Blue",
    "sc": 0.75,
  },
  {
    "id": "Navy|Navy",
    "sc": 0.75,
  },
  {
    "id": "Navy|Black",
    "sc": 0.75,
  },
  {
    "id": "Navy|Charcoal",
    "sc": 0.75,
  },
  {
    "id": "Black|Navy",
    "sc": 0.75,
  },
  {
    "id": "Black|Black",
    "sc": 0.75,
  },
  {
    "id": "Black|Charcoal",
    "sc": 0.75,
  },
  {
    "id": "Grey|Beige",
    "sc": 0.75,
  },
  {
    "id": "Grey|Grey",
    "sc": 0.75,
  },
  {
    "id": "Olive|Navy",
    "sc": 0.75,
  },
  {
    "id": "Olive|Grey",
    "sc": 0.75,
  },
  {
    "id": "Olive|Black",
    "sc": 0.75,
  },
  {
    "id": "Olive|Charcoal",
    "sc": 0.75,
  },
  {
    "id": "Burgundy|Black",
    "sc": 0.75,
  },
  {
    "id": "Beige|Beige",
    "sc": 0.75,
  },
  {
    "id": "Beige|Grey",
    "sc": 0.75,
  },
  {
    "id": "Beige|Blue",
    "sc": 0.75,
  },
  {
    "id": "Light Blue|Cream",
    "sc": 0.73,
  },
  {
    "id": "Burgundy|Navy",
    "sc": 0.71,
  },
  {
    "id": "Burgundy|Charcoal",
    "sc": 0.71,
  },
  {
    "id": "Light Blue|Khaki",
    "sc": 0.69,
  },
  {
    "id": "Light Blue|Grey",
    "sc": 0.67,
  },
  {
    "id": "Light Blue|Beige",
    "sc": 0.63,
  },
  {
    "id": "Navy|Blue",
    "sc": 0.63,
  },
  {
    "id": "Black|Blue",
    "sc": 0.63,
  },
  {
    "id": "Grey|Blue",
    "sc": 0.63,
  },
  {
    "id": "Light Blue|Blue",
    "sc": 0.57,
  },
]
`;
