// Jest Snapshot v1, https://goo.gl/fbAQLP

exports[`golden: sample wardrobe gap suggestions are stable 1`] = `
{
  "asBottoms": [
    {
      "c": "Brown",
      "fl": true,
      "n": 8,
    },
    {
      "c": "White",
      "fl": false,
      "n": 8,
    },
    {
      "c": "Burgundy",
      "fl": true,
      "n": 6,
    },
    {
      "c": "Mustard",
      "fl": true,
      "n": 6,
    },
    {
      "c": "Forest Green",
      "fl": true,
      "n": 6,
    },
    {
      "c": "Purple",
      "fl": true,
      "n": 6,
    },
    {
      "c": "Olive",
      "fl": true,
      "n": 5,
    },
    {
      "c": "Maroon",
      "fl": true,
      "n": 5,
    },
    {
      "c": "Rust",
      "fl": true,
      "n": 5,
    },
    {
      "c": "Light Blue",
      "fl": false,
      "n": 6,
    },
  ],
  "asTops": [
    {
      "c": "Brown",
      "fl": true,
      "n": 8,
    },
    {
      "c": "Cream",
      "fl": true,
      "n": 8,
    },
    {
      "c": "Mustard",
      "fl": true,
      "n": 8,
    },
    {
      "c": "Rust",
      "fl": true,
      "n": 8,
    },
    {
      "c": "Maroon",
      "fl": true,
      "n": 7,
    },
    {
      "c": "Forest Green",
      "fl": true,
      "n": 7,
    },
    {
      "c": "Purple",
      "fl": true,
      "n": 7,
    },
    {
      "c": "Khaki",
      "fl": false,
      "n": 8,
    },
    {
      "c": "Charcoal",
      "fl": false,
      "n": 8,
    },
    {
      "c": "Blue",
      "fl": false,
      "n": 7,
    },
  ],
}
`;

exports[`golden: sample wardrobe ranked deck for Bold matches the snapshot 1`] = `
[
  "Olive|Beige@1.52",
  "Burgundy|Grey@1.52",
  "Olive|Cream@1.36",
  "Burgundy|Beige@1.34",
  "Light Blue|Navy@1.15",
  "Light Blue|Charcoal@1.15",
  "Burgundy|Cream@1.11",
  "Burgundy|Khaki@1.05",
  "White|Navy@1.03",
  "White|Charcoal@1.03",
  "Navy|Beige@1.03",
  "Navy|Grey@1.03",
  "Grey|Navy@1.03",
  "Grey|Charcoal@1.03",
  "Beige|Navy@1.03",
  "Beige|Khaki@0.94",
  "Olive|Black@0.93",
  "Olive|Navy@0.92",
  "Olive|Grey@0.92",
  "Olive|Charcoal@0.92",
  "Navy|Cream@0.88",
  "Grey|Cream@0.88",
  "Olive|Khaki@0.88",
  "Burgundy|Navy@0.88",
  "Burgundy|Black@0.88",
  "Burgundy|Charcoal@0.88",
  "White|Blue@0.87",
  "Beige|Blue@0.87",
  "White|Grey@0.86",
  "Beige|Charcoal@0.86",
  "Light Blue|Black@0.86",
  "Black|Cream@0.85",
  "Black|Beige@0.83",
  "Black|Grey@0.83",
  "White|Black@0.82",
  "Navy|Khaki@0.82",
  "Grey|Black@0.82",
  "Beige|Black@0.82",
  "Black|Khaki@0.79",
  "Light Blue|Cream@0.75",
  "Light Blue|Grey@0.73",
  "White|Cream@0.71",
  "Beige|Cream@0.71",
  "Burgundy|Blue@0.71",
  "Navy|Blue@0.7",
  "Grey|Blue@0.7",
  "Light Blue|Blue@0.69",
  "White|Beige@0.69",
  "Navy|Navy@0.69",
  "Navy|Charcoal@0.69",
  "Grey|Beige@0.69",
  "Grey|Grey@0.69",
  "Beige|Beige@0.69",
  "Beige|Grey@0.69",
  "Light Blue|Beige@0.69",
  "Black|Blue@0.67",
  "Black|Navy@0.66",
  "Black|Charcoal@0.66",
  "White|Khaki@0.65",
  "Navy|Black@0.65",
  "Grey|Khaki@0.65",
  "Light Blue|Khaki@0.65",
  "Black|Black@0.62",
]
`;

exports[`golden: sample wardrobe ranked deck for Classic matches the snapshot 1`] = `
[
  "White|Navy@1.43",
  "Navy|Beige@1.43",
  "Navy|Grey@1.43",
  "Grey|Navy@1.43",
  "Beige|Navy@1.43",
  "Light Blue|Charcoal@1.38",
  "White|Charcoal@1.25",
  "Light Blue|Navy@1.25",
  "Grey|Charcoal@1.2",
  "Olive|Beige@1.12",
  "Burgundy|Beige@1.12",
  "Burgundy|Grey@1.12",
  "Beige|Khaki@1.11",
  "Olive|Cream@1.09",
  "White|Grey@1.08",
  "Navy|Cream@1.05",
  "Beige|Charcoal@1.03",
  "Grey|Cream@1",
  "White|Black@0.99",
  "Navy|Khaki@0.99",
  "White|Blue@0.97",
  "White|Beige@0.96",
  "Navy|Navy@0.96",
  "Navy|Charcoal@0.96",
  "Black|Beige@0.95",
  "Black|Grey@0.95",
  "Grey|Black@0.94",
  "Beige|Black@0.94",
  "White|Cream@0.93",
  "Beige|Blue@0.92",
  "Black|Cream@0.92",
  "Grey|Beige@0.91",
  "Grey|Grey@0.91",
  "Beige|Beige@0.91",
  "Beige|Grey@0.91",
  "Beige|Cream@0.88",
  "Black|Navy@0.88",
  "White|Khaki@0.87",
  "Navy|Black@0.87",
  "Light Blue|Black@0.86",
  "Black|Khaki@0.86",
  "Navy|Blue@0.85",
  "Burgundy|Cream@0.84",
  "Black|Charcoal@0.83",
  "Light Blue|Grey@0.83",
  "Grey|Khaki@0.82",
  "Olive|Navy@0.8",
  "Light Blue|Cream@0.8",
  "Grey|Blue@0.8",
  "Light Blue|Beige@0.79",
  "Burgundy|Khaki@0.78",
  "Burgundy|Navy@0.76",
  "Olive|Grey@0.75",
  "Olive|Charcoal@0.75",
  "Light Blue|Blue@0.74",
  "Black|Black@0.74",
  "Black|Blue@0.72",
  "Burgundy|Charcoal@0.71",
  "Light Blue|Khaki@0.7",
  "Olive|Black@0.66",
  "Olive|Khaki@0.66",
  "Burgundy|Black@0.66",
  "Burgundy|Blue@0.54",
]
`;

exports[`golden: sample wardrobe ranked deck for Minimal matches the snapshot 1`] = `
[
  "White|Navy@1.41",
  "White|Charcoal@1.41",
  "Grey|Charcoal@1.41",
  "Beige|Khaki@1.41",
  "Light Blue|Navy@1.28",
  "Olive|Cream@1.23",
  "Navy|Beige@1.23",
  "Navy|Grey@1.23",
  "Grey|Navy@1.23",
  "Beige|Navy@1.23",
  "Light Blue|Charcoal@1.1",
  "Navy|Cream@1.08",
  "Grey|Cream@1.08",
  "White|Grey@1.06",
  "Beige|Charcoal@1.06",
  "Black|Cream@1.05",
  "Olive|Beige@1.03",
  "Burgundy|Beige@1.03",
  "Burgundy|Grey@1.03",
  "Black|Beige@1.03",
  "Black|Grey@1.03",
  "White|Black@1.02",
  "Navy|Khaki@1.02",
  "Grey|Black@1.02",
  "Beige|Black@1.02",
  "White|Cream@1",
  "Beige|Cream@1",
  "Black|Khaki@0.99",
  "White|Beige@0.98",
  "Navy|Navy@0.98",
  "Navy|Charcoal@0.98",
  "Grey|Grey@0.98",
  "Beige|Beige@0.98",
  "Black|Navy@0.95",
  "Black|Charcoal@0.95",
  "Grey|Beige@0.94",
  "Beige|Grey@0.94",
  "Navy|Black@0.94",
  "Grey|Khaki@0.94",
  "Black|Black@0.91",
  "White|Khaki@0.9",
  "White|Blue@0.82",
  "Beige|Blue@0.82",
  "Light Blue|Black@0.81",
  "Burgundy|Cream@0.8",
  "Light Blue|Cream@0.79",
  "Grey|Blue@0.74",
  "Burgundy|Khaki@0.74",
  "Light Blue|Grey@0.73",
  "Light Blue|Beige@0.73",
  "Olive|Grey@0.7",
  "Navy|Blue@0.7",
  "Light Blue|Khaki@0.69",
  "Black|Blue@0.67",
  "Olive|Navy@0.66",
  "Olive|Charcoal@0.66",
  "Burgundy|Navy@0.66",
  "Burgundy|Black@0.66",
  "Burgundy|Charcoal@0.66",
  "Light Blue|Blue@0.64",
  "Olive|Black@0.62",
  "Olive|Khaki@0.62",
  "Burgundy|Blue@0.49",
]
`;

exports[`golden: sample wardrobe ranked deck for Statement matches the snapshot 1`] = `
[
  "Burgundy|Beige@1.48",
  "Olive|Cream@1.32",
  "Olive|Beige@1.3",
  "Burgundy|Grey@1.3",
  "Light Blue|Navy@1.1",
  "Light Blue|Charcoal@1.1",
  "Burgundy|Cream@1.07",
  "Burgundy|Khaki@1.01",
  "White|Navy@1",
  "White|Charcoal@1",
  "Navy|Beige@1",
  "Navy|Grey@1",
  "Grey|Navy@1",
  "Grey|Charcoal@1",
  "Beige|Navy@1",
  "Beige|Khaki@0.96",
  "Olive|Navy@0.93",
  "Olive|Grey@0.93",
  "Olive|Charcoal@0.93",
  "Olive|Black@0.89",
  "Olive|Khaki@0.89",
  "Burgundy|Navy@0.89",
  "Burgundy|Black@0.89",
  "Burgundy|Charcoal@0.89",
  "Navy|Cream@0.85",
  "Grey|Cream@0.85",
  "White|Grey@0.83",
  "Beige|Charcoal@0.83",
  "White|Blue@0.82",
  "Beige|Blue@0.82",
  "Black|Cream@0.82",
  "Light Blue|Black@0.81",
  "Black|Beige@0.8",
  "Black|Grey@0.8",
  "White|Black@0.79",
  "Navy|Khaki@0.79",
  "Grey|Black@0.79",
  "Beige|Black@0.79",
  "Black|Khaki@0.76",
  "Light Blue|Cream@0.75",
  "White|Cream@0.73",
  "Beige|Cream@0.73",
  "Light Blue|Grey@0.73",
  "White|Beige@0.71",
  "Navy|Navy@0.71",
  "Navy|Charcoal@0.71",
  "Grey|Beige@0.71",
  "Grey|Grey@0.71",
  "Beige|Beige@0.71",
  "Beige|Grey@0.71",
  "Navy|Blue@0.7",
  "Grey|Blue@0.7",
  "Light Blue|Beige@0.69",
  "Black|Navy@0.68",
  "Black|Charcoal@0.68",
  "White|Khaki@0.67",
  "Navy|Black@0.67",
  "Grey|Khaki@0.67",
  "Black|Blue@0.67",
  "Light Blue|Khaki@0.65",
  "Light Blue|Blue@0.64",
  "Black|Black@0.64",
  "Burgundy|Blue@0.62",
]
`;

exports[`golden: sample wardrobe universe (ids + scores) matches the snapshot 1`] = `
[
  {
    "id": "Olive|Cream",
    "sc": 1.17,
  },
  {
    "id": "Olive|Beige",
    "sc": 1.15,
  },
  {
    "id": "Burgundy|Beige",
    "sc": 1.15,
  },
  {
    "id": "Burgundy|Grey",
    "sc": 1.15,
  },
  {
    "id": "White|Navy",
    "sc": 1.1,
  },
  {
    "id": "White|Charcoal",
    "sc": 1.1,
  },
  {
    "id": "Light Blue|Navy",
    "sc": 1.1,
  },
  {
    "id": "Light Blue|Charcoal",
    "sc": 1.1,
  },
  {
    "id": "Navy|Beige",
    "sc": 1.1,
  },
  {
    "id": "Navy|Grey",
    "sc": 1.1,
  },
  {
    "id": "Grey|Navy",
    "sc": 1.1,
  },
  {
    "id": "Grey|Charcoal",
    "sc": 1.1,
  },
  {
    "id": "Beige|Navy",
    "sc": 1.1,
  },
  {
    "id": "Beige|Khaki",
    "sc": 1.06,
  },
  {
    "id": "Navy|Cream",
    "sc": 0.95,
  },
  {
    "id": "Grey|Cream",
    "sc": 0.95,
  },
  {
    "id": "White|Grey",
    "sc": 0.93,
  },
  {
    "id": "Beige|Charcoal",
    "sc": 0.93,
  },
  {
    "id": "Black|Cream",
    "sc": 0.92,
  },
  {
    "id": "Burgundy|Cream",
    "sc": 0.92,
  },
  {
    "id": "Black|Beige",
    "sc": 0.9,
  },
  {
    "id": "Black|Grey",
    "sc": 0.9,
  },
  {
    "id": "White|Black",
    "sc": 0.89,
  },
  {
    "id": "Navy|Khaki",
    "sc": 0.89,
  },
  {
    "id": "Grey|Black",
    "sc": 0.89,
  },
  {
    "id": "Beige|Black",
    "sc": 0.89,
  },
  {
    "id": "Black|Khaki",
    "sc": 0.86,
  },
  {
    "id": "Burgundy|Khaki",
    "sc": 0.86,
  },
  {
    "id": "White|Cream",
    "sc": 0.83,
  },
  {
    "id": "Beige|Cream",
    "sc": 0.83,
  },
  {
    "id": "White|Blue",
    "sc": 0.82,
  },
  {
    "id": "Beige|Blue",
    "sc": 0.82,
  },
  {
    "id": "White|Beige",
    "sc": 0.81,
  },
  {
    "id": "Light Blue|Black",
    "sc": 0.81,
  },
  {
    "id": "Navy|Navy",
    "sc": 0.81,
  },
  {
    "id": "Navy|Charcoal",
    "sc": 0.81,
  },
  {
    "id": "Grey|Beige",
    "sc": 0.81,
  },
  {
    "id": "Grey|Grey",
    "sc": 0.81,
  },
  {
    "id": "Beige|Beige",
    "sc": 0.81,
  },
  {
    "id": "Beige|Grey",
    "sc": 0.81,
  },
  {
    "id": "Black|Navy",
    "sc": 0.78,
  },
  {
    "id": "Black|Charcoal",
    "sc": 0.78,
  },
  {
    "id": "Olive|Navy",
    "sc": 0.78,
  },
  {
    "id": "Olive|Grey",
    "sc": 0.78,
  },
  {
    "id": "Olive|Charcoal",
    "sc": 0.78,
  },
  {
    "id": "White|Khaki",
    "sc": 0.77,
  },
  {
    "id": "Navy|Black",
    "sc": 0.77,
  },
  {
    "id": "Grey|Khaki",
    "sc": 0.77,
  },
  {
    "id": "Light Blue|Cream",
    "sc": 0.75,
  },
  {
    "id": "Black|Black",
    "sc": 0.74,
  },
  {
    "id": "Olive|Black",
    "sc": 0.74,
  },
  {
    "id": "Olive|Khaki",
    "sc": 0.74,
  },
  {
    "id": "Burgundy|Navy",
    "sc": 0.74,
  },
  {
    "id": "Burgundy|Black",
    "sc": 0.74,
  },
  {
    "id": "Burgundy|Charcoal",
    "sc": 0.74,
  },
  {
    "id": "Light Blue|Grey",
    "sc": 0.73,
  },
  {
    "id": "Navy|Blue",
    "sc": 0.7,
  },
  {
    "id": "Grey|Blue",
    "sc": 0.7,
  },
  {
    "id": "Light Blue|Beige",
    "sc": 0.69,
  },
  {
    "id": "Black|Blue",
    "sc": 0.67,
  },
  {
    "id": "Light Blue|Khaki",
    "sc": 0.65,
  },
  {
    "id": "Light Blue|Blue",
    "sc": 0.64,
  },
  {
    "id": "Burgundy|Blue",
    "sc": 0.57,
  },
]
`;
